
=== finite_facts.py
[   16.5s] Mt: no active six-form label has a two/four form: OK
[   16.5s] Mt: active labels meeting repeated-helper pairs: 632 max pairs per label: 1
[   33.5s] M (u,Mu) nine-part search: words 360 nodes 1485213 leaves 62112 splits found 0
[   34.9s] Mt (u,M^T u) nine-part search: words 308 nodes 91485 leaves 720 splits found 0
[   34.9s] eight-part partition exists (bit families fixed by M): OK
[   34.9s] ALL FINITE PREMISES RECOMPUTED AND MATCH

=== check72.py
          "increment": 5
        }
      ]
    }
  ]
}

=== check73.py
    "triples": 41664,
    "weight_six_relations": 84,
    "rank": 28,
    "zero_missing_zero_helper_edges_implies_y_at_least": 4
  }
}

=== check_dark_source.py
  },
  "rank_R10": 29,
  "complete_nonzero_quotient_word_count": 736,
  "inherited_source_exactly_matches": true,
  "all_checks_passed": true
}

=== certify74.py
    "missing pairs <=",
    "reverse EE budget <=",
    "weighted label capacity <="
  ],
  "all_checks_passed": true
}

=== independent74.py
  "independently_checked_coefficients": 13819,
  "largest_right_side": -1,
  "certificate_references": 1456,
  "distinct_referenced_certificates": 383,
  "all_checks_passed": true
}

=== certify75.py
    "six color packing <=",
    "unanchored required <=",
    "weighted label capacity <="
  ],
  "all_checks_passed": true
}

=== independent75.py
  "largest_right_side": -1,
  "certificate_references": 9604,
  "distinct_referenced_certificates": 3481,
  "direct_geometric_references": 927,
  "all_checks_passed": true
}

=== stress.py
   ],
   1
  ]
 ]
}
STRESS TEST PASSED: 13 circuits, 0 failures
Stress report accepted: 13 circuits, no failures.

ALL CHECKS PASSED (standard-library checks)
exit 0
